
----- 2026-04-06T02:43:22.000064+00:00 -----
Subject: Learnix password reset
From: no-reply@learnix.local
To: andrew0rohov2005@gmail.com
Content-Type: text/plain; charset="utf-8"
Content-Transfer-Encoding: quoted-printable
MIME-Version: 1.0

We received a request to reset your Learnix password.

Use this link to continue: http://localhost:3000/reset-password?token=3DpRVUG=
od5jVm69Hx7u_uMccvIpB_O6pSA23cvOqCQd7w
Token is valid for 30 minutes.

If you did not request this, just ignore this message.


----- 2026-04-06T17:09:05.186883+00:00 -----
Subject: Learnix password reset
From: no-reply@learnix.local
To: andrew0rohov2005@gmail.com
Content-Type: text/plain; charset="utf-8"
Content-Transfer-Encoding: quoted-printable
MIME-Version: 1.0

We received a request to reset your Learnix password.

Use this link to continue: http://localhost:3000/reset-password?token=3DRU93r=
SYUZZ-20Yp_GUv9RHgxiOGJy7i1iyZy-1uiW7o
Token is valid for 30 minutes.

If you did not request this, just ignore this message.


----- 2026-04-06T17:10:56.616844+00:00 -----
Subject: Learnix password reset
From: no-reply@learnix.local
To: andrew0rohov2005@gmail.com
Content-Type: text/plain; charset="utf-8"
Content-Transfer-Encoding: quoted-printable
MIME-Version: 1.0

We received a request to reset your Learnix password.

Use this link to continue: http://localhost:3000/reset-password?token=3DQPXAp=
BmTkA1AlXMlRtP6X1a7OMteKjRmnszk4kS777M
Token is valid for 30 minutes.

If you did not request this, just ignore this message.

